===== [INFO] Job started at Sat Oct 18 22:58:29 UTC 2025 on ip-10-8-200-37.cloudgouv-eu-west-1.compute.internal =====
===== [INFO] Running script: my_model_plus_rf.py =====
[INFO] Found 3 classes and 101510 files total.
[INFO] Class weights: tensor([3.0805, 0.3962, 6.6178], device='cuda:0')
[INFO] Starting streaming fine-tuning for 20000 batches...
[Batch 100] mean_loss=0.8362
[Batch 200] mean_loss=0.5398
[Batch 300] mean_loss=0.4275
[Batch 400] mean_loss=0.3495
[Batch 500] mean_loss=0.3708
[Batch 600] mean_loss=0.3079
[Batch 700] mean_loss=0.3290
[Batch 800] mean_loss=0.2898
[Batch 900] mean_loss=0.2063
[Batch 1000] mean_loss=0.2748
🔍 Validation mini-batch | Recall(guepier)=0.800
[INFO] 🌟 New best model saved (recall_guepier=0.800)
[Batch 1100] mean_loss=0.3177
[Batch 1200] mean_loss=0.2200
[Batch 1300] mean_loss=0.3618
[Batch 1400] mean_loss=0.2506
[Batch 1500] mean_loss=0.2733
[Batch 1600] mean_loss=0.2989
[Batch 1700] mean_loss=0.3044
[Batch 1800] mean_loss=0.2469
[Batch 1900] mean_loss=0.2155
[Batch 2000] mean_loss=0.3179
🔍 Validation mini-batch | Recall(guepier)=1.000
[INFO] 🌟 New best model saved (recall_guepier=1.000)
[Batch 2100] mean_loss=0.2857
[Batch 2200] mean_loss=0.2849
[Batch 2300] mean_loss=0.2599
[Batch 2400] mean_loss=0.2862
[Batch 2500] mean_loss=0.2264
[Batch 2600] mean_loss=0.2280
[Batch 2700] mean_loss=0.2648
[Batch 2800] mean_loss=0.2196
[Batch 2900] mean_loss=0.3002
[Batch 3000] mean_loss=0.2861
🔍 Validation mini-batch | Recall(guepier)=0.778
[Batch 3100] mean_loss=0.2236
[Batch 3200] mean_loss=0.2392
[Batch 3300] mean_loss=0.2264
[Batch 3400] mean_loss=0.1975
[Batch 3500] mean_loss=0.1776
[Batch 3600] mean_loss=0.1922
[Batch 3700] mean_loss=0.2345
[Batch 3800] mean_loss=0.2134
[Batch 3900] mean_loss=0.2369
[Batch 4000] mean_loss=0.2132
🔍 Validation mini-batch | Recall(guepier)=1.000
[Batch 4100] mean_loss=0.2729
[Batch 4200] mean_loss=0.2039
[Batch 4300] mean_loss=0.2805
[Batch 4400] mean_loss=0.2571
[Batch 4500] mean_loss=0.2475
[Batch 4600] mean_loss=0.2141
[Batch 4700] mean_loss=0.2573
[Batch 4800] mean_loss=0.1574
[Batch 4900] mean_loss=0.2684
[Batch 5000] mean_loss=0.1842
🔍 Validation mini-batch | Recall(guepier)=0.000
[Batch 5100] mean_loss=0.2980
[Batch 5200] mean_loss=0.1976
[Batch 5300] mean_loss=0.2678
[Batch 5400] mean_loss=0.2943
[Batch 5500] mean_loss=0.1961
[Batch 5600] mean_loss=0.2009
[Batch 5700] mean_loss=0.1838
[Batch 5800] mean_loss=0.1853
[Batch 5900] mean_loss=0.2034
[Batch 6000] mean_loss=0.1906
🔍 Validation mini-batch | Recall(guepier)=1.000
[Batch 6100] mean_loss=0.2927
[Batch 6200] mean_loss=0.1572
[Batch 6300] mean_loss=0.1820
[Batch 6400] mean_loss=0.2248
[Batch 6500] mean_loss=0.2205
[Batch 6600] mean_loss=0.2028
[Batch 6700] mean_loss=0.2191
[Batch 6800] mean_loss=0.2699
[Batch 6900] mean_loss=0.2658
[Batch 7000] mean_loss=0.1998
